2026-07-30 21:01:09,134 INFO o.a.j.u.JMeterUtils: Setting Locale to en_EN
2026-07-30 21:01:09,240 INFO o.a.j.JMeter: Loading user properties from: D:\apache-jmeter-5.6.3\bin\user.properties
2026-07-30 21:01:09,242 INFO o.a.j.JMeter: Loading system properties from: D:\apache-jmeter-5.6.3\bin\system.properties
2026-07-30 21:01:09,269 INFO o.a.j.JMeter: Copyright (c) 1998-2024 The Apache Software Foundation
2026-07-30 21:01:09,269 INFO o.a.j.JMeter: Version 5.6.3
2026-07-30 21:01:09,270 INFO o.a.j.JMeter: java.version=17.0.12
2026-07-30 21:01:09,270 INFO o.a.j.JMeter: java.vm.name=Java HotSpot(TM) 64-Bit Server VM
2026-07-30 21:01:09,270 INFO o.a.j.JMeter: os.name=Windows 11
2026-07-30 21:01:09,270 INFO o.a.j.JMeter: os.arch=amd64
2026-07-30 21:01:09,271 INFO o.a.j.JMeter: os.version=10.0
2026-07-30 21:01:09,272 INFO o.a.j.JMeter: file.encoding=Cp1252
2026-07-30 21:01:09,272 INFO o.a.j.JMeter: java.awt.headless=true
2026-07-30 21:01:09,272 INFO o.a.j.JMeter: Max memory     =1073741824
2026-07-30 21:01:09,272 INFO o.a.j.JMeter: Available Processors =8
2026-07-30 21:01:09,313 INFO o.a.j.JMeter: Default Locale=English (EN)
2026-07-30 21:01:09,314 INFO o.a.j.JMeter: JMeter  Locale=English (EN)
2026-07-30 21:01:09,315 INFO o.a.j.JMeter: JMeterHome=D:\apache-jmeter-5.6.3
2026-07-30 21:01:09,315 INFO o.a.j.JMeter: user.dir  =D:\JMETER_PILOT_PROJECT
2026-07-30 21:01:09,316 INFO o.a.j.JMeter: PWD       =D:\JMETER_PILOT_PROJECT
2026-07-30 21:01:09,320 INFO o.a.j.JMeter: IP: 172.21.32.1 Name: DESKTOP-CN5PLH3 FullName: DESKTOP-CN5PLH3.mshome.net
2026-07-30 21:01:09,387 INFO o.a.j.JMeter: Setting property 'jmeter.reportgenerator.outputdir' to:'D:\JMETER_PILOT_PROJECT\report'
2026-07-30 21:01:09,398 INFO o.a.j.s.FileServer: Default base='D:\JMETER_PILOT_PROJECT'
2026-07-30 21:01:09,410 INFO o.a.j.s.FileServer: Set new base='D:\JMETER_PILOT_PROJECT'
2026-07-30 21:01:10,002 INFO o.a.j.s.SaveService: Testplan (JMX) version: 2.2. Testlog (JTL) version: 2.2
2026-07-30 21:01:10,086 INFO o.a.j.s.SaveService: Using SaveService properties version 5.0
2026-07-30 21:01:10,096 INFO o.a.j.s.SaveService: Using SaveService properties file encoding UTF-8
2026-07-30 21:01:10,107 INFO o.a.j.s.SaveService: Loading file: EmployeeCreationAndReviewProcess_TestPlan.jmx
2026-07-30 21:01:10,205 INFO o.a.j.p.h.c.CookieManager: Settings: Delete null: true Check: true Allow variable: true Save: false Prefix: COOKIE_
2026-07-30 21:01:10,251 INFO o.a.j.p.h.s.HTTPSamplerBase: Parser for text/html is org.apache.jmeter.protocol.http.parser.LagartoBasedHtmlParser
2026-07-30 21:01:10,252 INFO o.a.j.p.h.s.HTTPSamplerBase: Parser for application/xhtml+xml is org.apache.jmeter.protocol.http.parser.LagartoBasedHtmlParser
2026-07-30 21:01:10,252 INFO o.a.j.p.h.s.HTTPSamplerBase: Parser for application/xml is org.apache.jmeter.protocol.http.parser.LagartoBasedHtmlParser
2026-07-30 21:01:10,252 INFO o.a.j.p.h.s.HTTPSamplerBase: Parser for text/xml is org.apache.jmeter.protocol.http.parser.LagartoBasedHtmlParser
2026-07-30 21:01:10,252 INFO o.a.j.p.h.s.HTTPSamplerBase: Parser for text/vnd.wap.wml is org.apache.jmeter.protocol.http.parser.RegexpHTMLParser
2026-07-30 21:01:10,252 INFO o.a.j.p.h.s.HTTPSamplerBase: Parser for text/css is org.apache.jmeter.protocol.http.parser.CssParser
2026-07-30 21:01:11,325 INFO o.a.j.e.KeyToolUtils: keytool found at 'keytool'
2026-07-30 21:01:11,327 INFO o.a.j.p.h.p.ProxyControl: HTTP(S) Test Script Recorder SSL Proxy will use keys that support embedded 3rd party resources in file D:\apache-jmeter-5.6.3\bin\proxyserver.jks
2026-07-30 21:01:11,466 INFO o.a.j.JMeter: Creating summariser <summary>
2026-07-30 21:01:11,491 INFO o.a.j.r.d.ReportGenerator: ReportGenerator will use for Parsing the separator: ','
2026-07-30 21:01:11,492 INFO o.a.j.r.d.ReportGenerator: Will generate report at end of test from  results file: result.jtl
2026-07-30 21:01:11,492 INFO o.a.j.r.d.ReportGenerator: Reading report generator properties from: D:\apache-jmeter-5.6.3\bin\reportgenerator.properties
2026-07-30 21:01:11,616 INFO o.a.j.r.d.ReportGenerator: Merging with JMeter properties
2026-07-30 21:01:11,640 INFO o.a.j.r.c.ReportGeneratorConfiguration: Property 'jmeter.reportgenerator.temp_dir' not found, using default value 'temp' instead.
2026-07-30 21:01:11,657 INFO o.a.j.r.c.ReportGeneratorConfiguration: Property 'jmeter.reportgenerator.apdex_per_transaction' not found, using default value 'null' instead.
2026-07-30 21:01:11,658 INFO o.a.j.r.c.ReportGeneratorConfiguration: apdex_per_transaction is empty, not APDEX per transaction customization
2026-07-30 21:01:11,659 INFO o.a.j.r.c.ReportGeneratorConfiguration: Property 'jmeter.reportgenerator.sample_filter' not found, using default value 'null' instead.
2026-07-30 21:01:11,659 INFO o.a.j.r.c.ReportGeneratorConfiguration: Property 'jmeter.reportgenerator.report_title' not found, using default value 'null' instead.
2026-07-30 21:01:11,660 INFO o.a.j.r.c.ReportGeneratorConfiguration: Property 'jmeter.reportgenerator.start_date' not found, using default value 'null' instead.
2026-07-30 21:01:11,660 INFO o.a.j.r.c.ReportGeneratorConfiguration: Property 'jmeter.reportgenerator.end_date' not found, using default value 'null' instead.
2026-07-30 21:01:11,661 INFO o.a.j.r.c.ReportGeneratorConfiguration: Property 'jmeter.reportgenerator.date_format' not found, using default value 'null' instead.
2026-07-30 21:01:11,663 INFO o.a.j.r.c.ReportGeneratorConfiguration: Will use date range start date: null, end date: null
2026-07-30 21:01:11,737 INFO o.a.j.r.c.ReportGeneratorConfiguration: Property 'jmeter.reportgenerator.graph.totalTPS.exclude_controllers' not found, using default value 'false' instead.
2026-07-30 21:01:11,738 INFO o.a.j.r.c.ReportGeneratorConfiguration: Property 'jmeter.reportgenerator.graph.activeThreadsOverTime.exclude_controllers' not found, using default value 'false' instead.
2026-07-30 21:01:11,738 INFO o.a.j.r.c.ReportGeneratorConfiguration: Property 'jmeter.reportgenerator.graph.timeVsThreads.exclude_controllers' not found, using default value 'false' instead.
2026-07-30 21:01:11,739 INFO o.a.j.r.c.ReportGeneratorConfiguration: Property 'jmeter.reportgenerator.graph.responseTimeDistribution.exclude_controllers' not found, using default value 'false' instead.
2026-07-30 21:01:11,739 INFO o.a.j.r.c.ReportGeneratorConfiguration: Property 'jmeter.reportgenerator.graph.transactionsPerSecond.exclude_controllers' not found, using default value 'false' instead.
2026-07-30 21:01:11,740 INFO o.a.j.r.c.ReportGeneratorConfiguration: Property 'jmeter.reportgenerator.graph.responseTimePercentiles.exclude_controllers' not found, using default value 'false' instead.
2026-07-30 21:01:11,740 INFO o.a.j.r.c.ReportGeneratorConfiguration: Property 'jmeter.reportgenerator.graph.responseTimePercentilesOverTime.exclude_controllers' not found, using default value 'false' instead.
2026-07-30 21:01:11,741 INFO o.a.j.r.c.ReportGeneratorConfiguration: Property 'jmeter.reportgenerator.graph.responseTimesOverTime.exclude_controllers' not found, using default value 'false' instead.
2026-07-30 21:01:11,741 INFO o.a.j.r.c.ReportGeneratorConfiguration: Property 'jmeter.reportgenerator.graph.connectTimeOverTime.exclude_controllers' not found, using default value 'false' instead.
2026-07-30 21:01:11,742 INFO o.a.j.r.c.ReportGeneratorConfiguration: Property 'jmeter.reportgenerator.graph.latenciesOverTime.exclude_controllers' not found, using default value 'false' instead.
2026-07-30 21:01:11,745 INFO o.a.j.r.c.ReportGeneratorConfiguration: Property 'jmeter.reportgenerator.exporter.json.filters_only_sample_series' not found, using default value 'true' instead.
2026-07-30 21:01:11,745 INFO o.a.j.r.c.ReportGeneratorConfiguration: Property 'jmeter.reportgenerator.exporter.json.series_filter' not found, using default value '' instead.
2026-07-30 21:01:11,745 INFO o.a.j.r.c.ReportGeneratorConfiguration: Property 'jmeter.reportgenerator.exporter.json.show_controllers_only' not found, using default value 'false' instead.
2026-07-30 21:01:11,747 INFO o.a.j.r.c.ReportGeneratorConfiguration: Property 'jmeter.reportgenerator.exporter.html.filters_only_sample_series' not found, using default value 'true' instead.
2026-07-30 21:01:11,747 INFO o.a.j.r.c.ReportGeneratorConfiguration: Property 'jmeter.reportgenerator.exporter.html.series_filter' not found, using default value '' instead.
2026-07-30 21:01:11,748 INFO o.a.j.r.c.ReportGeneratorConfiguration: Property 'jmeter.reportgenerator.exporter.html.show_controllers_only' not found, using default value 'false' instead.
2026-07-30 21:01:11,784 INFO o.a.j.e.StandardJMeterEngine: Running the test!
2026-07-30 21:01:11,785 INFO o.a.j.s.SampleEvent: List of sample_variables: []
2026-07-30 21:01:11,785 INFO o.a.j.s.SampleEvent: List of sample_variables: []
2026-07-30 21:01:11,803 INFO o.a.j.e.u.CompoundVariable: Note: Function class names must contain the string: '.functions.'
2026-07-30 21:01:11,803 INFO o.a.j.e.u.CompoundVariable: Note: Function class names must not contain the string: '.gui.'
2026-07-30 21:01:11,914 INFO o.a.j.r.ClassFinder: Will scan jar D:\apache-jmeter-5.6.3\lib\ext\jmeter-plugins-dummy-0.4.jar with filter ExtendsClassFilter [parents=[interface org.apache.jmeter.functions.Function], inner=false, contains=null, notContains=null]. Consider exposing JMeter plugins via META-INF/services, and add JMeter-Skip-Class-Scanning=true manifest attribute so JMeter can skip classfile scanning
2026-07-30 21:01:11,928 INFO o.a.j.r.ClassFinder: Will scan jar D:\apache-jmeter-5.6.3\lib\ext\jmeter-plugins-manager-1.12.jar with filter ExtendsClassFilter [parents=[interface org.apache.jmeter.functions.Function], inner=false, contains=null, notContains=null]. Consider exposing JMeter plugins via META-INF/services, and add JMeter-Skip-Class-Scanning=true manifest attribute so JMeter can skip classfile scanning
2026-07-30 21:01:12,363 INFO o.a.j.r.ClassFinder: Will scan jar D:\apache-jmeter-5.6.3\lib\ext\jmeter-plugins-casutg-3.1.1.jar with filter ExtendsClassFilter [parents=[interface org.apache.jmeter.functions.Function], inner=false, contains=null, notContains=null]. Consider exposing JMeter plugins via META-INF/services, and add JMeter-Skip-Class-Scanning=true manifest attribute so JMeter can skip classfile scanning
2026-07-30 21:01:12,410 INFO o.a.j.r.ClassFinder: Will scan jar D:\apache-jmeter-5.6.3\lib\ext\jmeter-plugins-perfmon-2.1.jar with filter ExtendsClassFilter [parents=[interface org.apache.jmeter.functions.Function], inner=false, contains=null, notContains=null]. Consider exposing JMeter plugins via META-INF/services, and add JMeter-Skip-Class-Scanning=true manifest attribute so JMeter can skip classfile scanning
2026-07-30 21:01:13,353 INFO o.a.j.JMeter: Running test (1785425473353)
2026-07-30 21:01:13,357 INFO o.a.j.e.StandardJMeterEngine: Starting setUp thread groups
2026-07-30 21:01:13,357 INFO o.a.j.e.StandardJMeterEngine: Starting setUp ThreadGroup: 1 : Employee_Supervisor_creation_setUp Thread Group 
2026-07-30 21:01:13,358 INFO o.a.j.e.StandardJMeterEngine: Starting 1 threads for group Employee_Supervisor_creation_setUp Thread Group.
2026-07-30 21:01:13,358 INFO o.a.j.e.StandardJMeterEngine: Thread will continue on error
2026-07-30 21:01:13,358 INFO o.a.j.t.ThreadGroup: Starting thread group... number=1 threads=1 ramp-up=1 delayedStart=false
2026-07-30 21:01:13,373 INFO o.a.j.t.ThreadGroup: Started thread group number 1
2026-07-30 21:01:13,373 INFO o.a.j.e.StandardJMeterEngine: Waiting for all setup thread groups to exit
2026-07-30 21:01:13,382 INFO o.a.j.s.SampleResult: Note: Sample TimeStamps are START times
2026-07-30 21:01:13,382 INFO o.a.j.s.SampleResult: sampleresult.default.encoding is set to UTF-8
2026-07-30 21:01:13,383 INFO o.a.j.s.SampleResult: sampleresult.useNanoTime=true
2026-07-30 21:01:13,383 INFO o.a.j.s.SampleResult: sampleresult.nanoThreadSleep=5000
2026-07-30 21:01:13,405 INFO o.a.j.t.JMeterThread: Thread started: Employee_Supervisor_creation_setUp Thread Group 1-1
2026-07-30 21:01:13,412 INFO o.a.j.s.FileServer: Stored: D:/JMETER_PILOT_PROJECT/JobDetailsData.csv
2026-07-30 21:01:13,445 INFO o.a.j.s.FileServer: Stored: D:/JMETER_PILOT_PROJECT/EmployeeData.csv
2026-07-30 21:01:13,486 INFO o.a.j.p.h.s.HTTPHCAbstractImpl: Local host = DESKTOP-CN5PLH3
2026-07-30 21:01:13,507 INFO o.a.j.p.h.s.HTTPHC4Impl: HTTP request retry count = 0
2026-07-30 21:01:13,734 INFO o.a.j.p.h.s.h.LazyLayeredConnectionSocketFactory: Setting up HTTPS TrustAll Socket Factory
2026-07-30 21:01:13,751 INFO o.a.j.u.JsseSSLManager: Using default SSL protocol: TLS
2026-07-30 21:01:13,751 INFO o.a.j.u.JsseSSLManager: SSL session context: per-thread
2026-07-30 21:01:14,189 INFO o.a.j.u.SSLManager: JmeterKeyStore Location:  type JKS
2026-07-30 21:01:14,201 INFO o.a.j.u.SSLManager: KeyStore created OK
2026-07-30 21:01:14,201 WARN o.a.j.u.SSLManager: Keystore file not found, loading empty keystore
2026-07-30 21:01:30,603 INFO o.a.j.r.Summariser: summary +      1 in 00:00:17 =    0.1/s Avg: 16919 Min: 16919 Max: 16919 Err:     0 (0.00%) Active: 1 Started: 1 Finished: 0
2026-07-30 21:02:04,645 INFO o.a.j.r.Summariser: summary +      1 in 00:00:34 =    0.0/s Avg: 32121 Min: 32121 Max: 32121 Err:     0 (0.00%) Active: 1 Started: 1 Finished: 0
2026-07-30 21:02:04,645 INFO o.a.j.r.Summariser: summary =      2 in 00:00:51 =    0.0/s Avg: 24520 Min: 16919 Max: 32121 Err:     0 (0.00%)
2026-07-30 21:02:34,689 INFO o.a.j.r.Summariser: summary +      2 in 00:00:30 =    0.1/s Avg: 11269 Min:  6432 Max: 16107 Err:     0 (0.00%) Active: 1 Started: 1 Finished: 0
2026-07-30 21:02:34,691 INFO o.a.j.r.Summariser: summary =      4 in 00:01:21 =    0.0/s Avg: 17894 Min:  6432 Max: 32121 Err:     0 (0.00%)
2026-07-30 21:02:51,831 INFO o.a.j.m.J.Supervisor_EmployeeId: Employee ID: 8716
2026-07-30 21:03:03,699 INFO o.a.j.r.Summariser: summary +      2 in 00:00:29 =    0.1/s Avg: 10276 Min:  9972 Max: 10581 Err:     0 (0.00%) Active: 1 Started: 1 Finished: 0
2026-07-30 21:03:03,699 INFO o.a.j.r.Summariser: summary =      6 in 00:01:50 =    0.1/s Avg: 15355 Min:  6432 Max: 32121 Err:     0 (0.00%)
2026-07-30 21:04:01,526 INFO o.a.j.r.Summariser: summary +      4 in 00:00:58 =    0.1/s Avg: 12699 Min:  3516 Max: 21019 Err:     0 (0.00%) Active: 1 Started: 1 Finished: 0
2026-07-30 21:04:01,528 INFO o.a.j.r.Summariser: summary =     10 in 00:02:48 =    0.1/s Avg: 14293 Min:  3516 Max: 32121 Err:     0 (0.00%)
2026-07-30 21:04:47,599 INFO o.a.j.m.J.Employee_EmployeeId: Employee ID: 8035
2026-07-30 21:05:05,494 INFO o.a.j.r.Summariser: summary +      7 in 00:01:04 =    0.1/s Avg:  7969 Min:  4268 Max: 13967 Err:     0 (0.00%) Active: 1 Started: 1 Finished: 0
2026-07-30 21:05:05,495 INFO o.a.j.r.Summariser: summary =     17 in 00:03:52 =    0.1/s Avg: 11689 Min:  3516 Max: 32121 Err:     0 (0.00%)
2026-07-30 21:05:43,574 INFO o.a.j.t.JMeterThread: Thread is done: Employee_Supervisor_creation_setUp Thread Group 1-1
2026-07-30 21:05:43,574 INFO o.a.j.t.JMeterThread: Thread finished: Employee_Supervisor_creation_setUp Thread Group 1-1
2026-07-30 21:05:43,579 INFO o.a.j.e.StandardJMeterEngine: All Setup Threads have ended
2026-07-30 21:05:43,682 INFO o.a.j.e.StandardJMeterEngine: Starting ThreadGroup: 1 : Scenario1_Open Model Thread Group
2026-07-30 21:05:43,683 INFO o.a.j.e.StandardJMeterEngine: Starting 0 threads for group Scenario1_Open Model Thread Group.
2026-07-30 21:05:43,683 INFO o.a.j.e.StandardJMeterEngine: Thread will continue on error
2026-07-30 21:05:43,684 INFO o.a.j.t.o.OpenModelThreadGroup: Starting OpenModelThreadGroup#1 with schedule rate(1/min) random_arrivals(1 min)
2026-07-30 21:05:43,864 INFO o.a.j.e.StandardJMeterEngine: Waiting for thread group: Scenario1_Open Model Thread Group to finish before starting next group
2026-07-30 21:05:43,865 INFO o.a.j.t.o.OpenModelThreadGroup: Thread starting init
2026-07-30 21:05:43,918 INFO o.a.j.t.o.PoissonArrivalsRamp: Generating 1 events, beginRate = 0.016666666666666666 / sec, endRate = 0.016666666666666666 / sec, duration = 60.0 sec
2026-07-30 21:05:43,926 INFO o.a.j.t.o.OpenModelThreadGroup: Thread schedule finished 212136 ms ago
2026-07-30 21:05:43,927 INFO o.a.j.t.o.OpenModelThreadGroup: Test schedule finished, however, there are 1 thread(s) still running. Will interrupt the threads. If you want to keep some time for the threads to complete, consider adding pause(10 min) at the end of the schedule.
2026-07-30 21:05:43,932 INFO o.a.j.t.o.OpenModelThreadGroup: Terminating thread org.apache.jmeter.threads.JMeterThread@7aa2cdc1
2026-07-30 21:05:43,931 INFO o.a.j.t.JMeterThread: Thread started: Scenario1_Open Model Thread Group 1-1
2026-07-30 21:05:43,932 INFO o.a.j.t.JMeterThread: Stopping: Scenario1_Open Model Thread Group 1-1
2026-07-30 21:05:43,933 INFO o.a.j.t.JMeterThread: Thread finished: Scenario1_Open Model Thread Group 1-1
2026-07-30 21:05:43,939 INFO o.a.j.t.o.OpenModelThreadGroup: Thread starting done
2026-07-30 21:05:43,940 INFO o.a.j.e.StandardJMeterEngine: Starting ThreadGroup: 2 : Scenario2_Open Model Thread Group
2026-07-30 21:05:43,940 INFO o.a.j.e.StandardJMeterEngine: Starting 0 threads for group Scenario2_Open Model Thread Group.
2026-07-30 21:05:43,941 INFO o.a.j.e.StandardJMeterEngine: Thread will continue on error
2026-07-30 21:05:43,941 INFO o.a.j.t.o.OpenModelThreadGroup: Starting OpenModelThreadGroup#2 with schedule rate(1/min) random_arrivals(1 min)
2026-07-30 21:05:43,942 INFO o.a.j.e.StandardJMeterEngine: All thread groups have been started
2026-07-30 21:05:43,942 INFO o.a.j.t.o.OpenModelThreadGroup: Thread starting init
2026-07-30 21:05:43,943 INFO o.a.j.t.o.PoissonArrivalsRamp: Generating 1 events, beginRate = 0.016666666666666666 / sec, endRate = 0.016666666666666666 / sec, duration = 60.0 sec
2026-07-30 21:05:43,949 INFO o.a.j.t.o.OpenModelThreadGroup: Thread schedule finished 212159 ms ago
2026-07-30 21:05:43,950 INFO o.a.j.t.o.OpenModelThreadGroup: Test schedule finished, however, there are 1 thread(s) still running. Will interrupt the threads. If you want to keep some time for the threads to complete, consider adding pause(10 min) at the end of the schedule.
2026-07-30 21:05:43,950 INFO o.a.j.t.o.OpenModelThreadGroup: Terminating thread org.apache.jmeter.threads.JMeterThread@122a2850
2026-07-30 21:05:43,950 INFO o.a.j.t.JMeterThread: Stopping: Scenario2_Open Model Thread Group 2-1
2026-07-30 21:05:43,950 INFO o.a.j.t.o.OpenModelThreadGroup: Thread starting done
2026-07-30 21:05:43,954 INFO o.a.j.t.JMeterThread: Thread started: Scenario2_Open Model Thread Group 2-1
2026-07-30 21:05:43,955 INFO o.a.j.t.JMeterThread: Thread finished: Scenario2_Open Model Thread Group 2-1
2026-07-30 21:05:43,956 INFO o.a.j.e.StandardJMeterEngine: Notifying test listeners of end of test
2026-07-30 21:05:43,956 INFO o.a.j.s.FileServer: Close: D:/JMETER_PILOT_PROJECT/EmployeeData.csv
2026-07-30 21:05:43,964 INFO o.a.j.s.FileServer: Close: D:/JMETER_PILOT_PROJECT/JobDetailsData.csv
2026-07-30 21:05:43,979 INFO o.a.j.r.Summariser: summary +      4 in 00:00:38 =    0.1/s Avg:  7924 Min:  3639 Max: 11431 Err:     0 (0.00%) Active: 0 Started: 2 Finished: 2
2026-07-30 21:05:43,981 INFO o.a.j.r.Summariser: summary =     21 in 00:04:31 =    0.1/s Avg: 10971 Min:  3516 Max: 32121 Err:     0 (0.00%)
2026-07-30 21:05:43,983 INFO o.a.j.JMeter: Generating Dashboard
2026-07-30 21:05:43,983 INFO o.a.j.r.d.ReportGenerator: Flushing result collector before report Generation
2026-07-30 21:05:44,098 INFO o.a.j.r.p.NormalizerSampleConsumer: Using format, 'ms', to parse timeStamp field
2026-07-30 21:05:44,275 INFO o.a.j.r.p.AbstractSampleConsumer: class org.apache.jmeter.report.processor.AggregateConsumer#stopProducing(): beginDate produced 0 samples
2026-07-30 21:05:44,275 INFO o.a.j.r.p.AbstractSampleConsumer: class org.apache.jmeter.report.processor.AggregateConsumer#stopProducing(): endDate produced 0 samples
2026-07-30 21:05:44,282 INFO o.a.j.r.p.AbstractSampleConsumer: class org.apache.jmeter.report.processor.ApdexSummaryConsumer#stopProducing(): apdexSummary produced 0 samples
2026-07-30 21:05:44,282 INFO o.a.j.r.p.AbstractSampleConsumer: class org.apache.jmeter.report.processor.RequestsSummaryConsumer#stopProducing(): requestsSummary produced 0 samples
2026-07-30 21:05:44,296 INFO o.a.j.r.p.AbstractSampleConsumer: class org.apache.jmeter.report.processor.StatisticsSummaryConsumer#stopProducing(): statisticsSummary produced 0 samples
2026-07-30 21:05:44,301 INFO o.a.j.r.p.AbstractSampleConsumer: class org.apache.jmeter.report.processor.Top5ErrorsBySamplerConsumer#stopProducing(): top5ErrorsBySampler produced 0 samples
2026-07-30 21:05:44,301 INFO o.a.j.r.p.AbstractSampleConsumer: class org.apache.jmeter.report.processor.ErrorsSummaryConsumer#stopProducing(): errorsSummary produced 0 samples
2026-07-30 21:05:44,301 INFO o.a.j.r.p.AbstractSampleConsumer: class org.apache.jmeter.report.processor.graph.impl.HitsPerSecondGraphConsumer#stopProducing(): hitsPerSecond produced 0 samples
2026-07-30 21:05:44,373 INFO o.a.j.r.p.AbstractSampleConsumer: class org.apache.jmeter.report.processor.graph.impl.LatencyVSRequestGraphConsumer#stopProducing(): latencyVsRequest produced 0 samples
2026-07-30 21:05:44,373 INFO o.a.j.r.p.AbstractSampleConsumer: class org.apache.jmeter.report.processor.graph.impl.SyntheticResponseTimeDistributionGraphConsumer#stopProducing(): syntheticResponseTimeDistribution produced 0 samples
2026-07-30 21:05:44,374 INFO o.a.j.r.p.AbstractSampleConsumer: class org.apache.jmeter.report.processor.graph.impl.BytesThroughputGraphConsumer#stopProducing(): bytesThroughputOverTime produced 0 samples
2026-07-30 21:05:44,374 INFO o.a.j.r.p.AbstractSampleConsumer: class org.apache.jmeter.report.processor.graph.impl.CodesPerSecondGraphConsumer#stopProducing(): codesPerSecond produced 0 samples
2026-07-30 21:05:44,383 INFO o.a.j.r.p.AbstractSampleConsumer: class org.apache.jmeter.report.processor.graph.impl.ResponseTimeVSRequestGraphConsumer#stopProducing(): responseTimeVsRequest produced 0 samples
2026-07-30 21:05:44,383 INFO o.a.j.r.p.AbstractSampleConsumer: class org.apache.jmeter.report.processor.FilterConsumer#stopProducing(): startIntervalControlerFilter produced 203 samples
2026-07-30 21:05:44,383 INFO o.a.j.r.p.AbstractSampleConsumer: class org.apache.jmeter.report.processor.graph.impl.TotalTPSGraphConsumer#stopProducing(): totalTPS produced 0 samples
2026-07-30 21:05:44,383 INFO o.a.j.r.p.AbstractSampleConsumer: class org.apache.jmeter.report.processor.graph.impl.ActiveThreadsGraphConsumer#stopProducing(): activeThreadsOverTime produced 0 samples
2026-07-30 21:05:44,384 INFO o.a.j.r.p.AbstractSampleConsumer: class org.apache.jmeter.report.processor.graph.impl.TimeVSThreadGraphConsumer#stopProducing(): timeVsThreads produced 0 samples
2026-07-30 21:05:44,386 INFO o.a.j.r.p.AbstractSampleConsumer: class org.apache.jmeter.report.processor.graph.impl.ResponseTimeDistributionGraphConsumer#stopProducing(): responseTimeDistribution produced 0 samples
2026-07-30 21:05:44,387 INFO o.a.j.r.p.AbstractSampleConsumer: class org.apache.jmeter.report.processor.graph.impl.TransactionsPerSecondGraphConsumer#stopProducing(): transactionsPerSecond produced 0 samples
2026-07-30 21:05:44,387 INFO o.a.j.r.p.AbstractSampleConsumer: class org.apache.jmeter.report.processor.graph.impl.ResponseTimePercentilesGraphConsumer#stopProducing(): responseTimePercentiles produced 0 samples
2026-07-30 21:05:44,402 INFO o.a.j.r.p.AbstractSampleConsumer: class org.apache.jmeter.report.processor.graph.impl.ResponseTimePercentilesOverTimeGraphConsumer#stopProducing(): responseTimePercentilesOverTime produced 0 samples
2026-07-30 21:05:44,403 INFO o.a.j.r.p.AbstractSampleConsumer: class org.apache.jmeter.report.processor.graph.impl.ResponseTimeOverTimeGraphConsumer#stopProducing(): responseTimesOverTime produced 0 samples
2026-07-30 21:05:44,403 INFO o.a.j.r.p.AbstractSampleConsumer: class org.apache.jmeter.report.processor.graph.impl.ConnectTimeOverTimeGraphConsumer#stopProducing(): connectTimeOverTime produced 0 samples
2026-07-30 21:05:44,404 INFO o.a.j.r.p.AbstractSampleConsumer: class org.apache.jmeter.report.processor.graph.impl.LatencyOverTimeGraphConsumer#stopProducing(): latenciesOverTime produced 0 samples
2026-07-30 21:05:44,404 INFO o.a.j.r.p.AbstractSampleConsumer: class org.apache.jmeter.report.processor.FilterConsumer#stopProducing(): nameFilter produced 585 samples
2026-07-30 21:05:44,404 INFO o.a.j.r.p.AbstractSampleConsumer: class org.apache.jmeter.report.processor.FilterConsumer#stopProducing(): dateRangeFilter produced 117 samples
2026-07-30 21:05:44,404 INFO o.a.j.r.p.AbstractSampleConsumer: class org.apache.jmeter.report.processor.NormalizerSampleConsumer#stopProducing(): normalizer produced 39 samples
2026-07-30 21:05:44,406 INFO o.a.j.r.p.CsvFileSampleSource: produce(): 39 samples produced in 253ms on channel 0
2026-07-30 21:05:44,406 INFO o.a.j.r.d.ReportGenerator: Exporting data using exporter:'json' of className:'org.apache.jmeter.report.dashboard.JsonExporter'
2026-07-30 21:05:44,597 INFO o.a.j.r.d.JsonExporter: Found data for consumer statisticsSummary in context
2026-07-30 21:05:44,597 INFO o.a.j.r.d.JsonExporter: Creating statistics for overall
2026-07-30 21:05:44,598 INFO o.a.j.r.d.JsonExporter: Creating statistics for other transactions
2026-07-30 21:05:44,599 INFO o.a.j.r.d.JsonExporter: Checking output folder
2026-07-30 21:05:44,600 INFO o.a.j.r.d.JsonExporter: Writing statistics JSON to D:\JMETER_PILOT_PROJECT\report\statistics.json
2026-07-30 21:05:44,705 INFO o.a.j.r.d.ReportGenerator: Exporting data using exporter:'html' of className:'org.apache.jmeter.report.dashboard.HtmlTemplateExporter'
2026-07-30 21:05:44,712 INFO o.a.j.r.d.HtmlTemplateExporter: Will generate dashboard in folder: D:\JMETER_PILOT_PROJECT\report
2026-07-30 21:05:45,146 INFO o.a.j.r.d.HtmlTemplateExporter: Report will be generated in: D:\JMETER_PILOT_PROJECT\report, creating folder structure
2026-07-30 21:05:45,150 INFO o.a.j.r.d.TemplateVisitor: Copying folder from 'D:\apache-jmeter-5.6.3\bin\report-template' to 'D:\JMETER_PILOT_PROJECT\report', got message: D:\JMETER_PILOT_PROJECT\report, found non empty folder with following content [D:\JMETER_PILOT_PROJECT\report\statistics.json], will be ignored
2026-07-30 21:05:47,598 INFO o.a.j.JMeter: Dashboard generated
